<testsuite name="Mocha Tests" tests="14" failures="0" errors="0" skipped="0" timestamp="Sat, 22 Apr 2023 17:48:13 GMT" time="7.944">
<testcase classname="jsonParseTransform" name="object" time="0.003"/>
<testcase classname="jsonParseTransform" name="empty" time="0.001"/>
<testcase classname="jsonParseTransform" name="syntaxError" time="0.001"/>
<testcase classname="run" name="finished" time="0.515"/>
<testcase classname="run" name="success" time="0.496"/>
<testcase classname="run" name="verbose" time="0.538"/>
<testcase classname="run" name="mixed" time="0.62"/>
<testcase classname="exec" name="Get-Item" time="0.529"/>
<testcase classname="exec" name="Parallel" time="0.577"/>
<testcase classname="exec" name="TerminatingError" time="0.534"/>
<testcase classname="exec" name="CancelExisting" time="1.118"/>
<testcase classname="exec" name="pwsh baseline" time="1.874"/>
<testcase classname="exec" name="cancel" time="1.008"/>
<testcase classname="log" name="should be able to log" time="0.002"/>
</testsuite>
